# Container | ID | Role   | DG Config | SID  | DG_TARGET | Oracle Pass | Shard Role | GSM pass | GDS user | GDS pass | Shard DB | Shard DB Name | Shard Dir | Port | Region
SH00        | 0  | PRIMARY| NONE      | SH00 |           | oracle      | CATALOG    | oracle   | gdsadmin | oracle   | SH00PDB1 | shardcat      | sharddir1 | 1571 | na,eu,asia
SH11        | 1  | PRIMARY| SH1       | SH11 | SH21      | oracle      |            | oracle   | gdsadmin | oracle   |          |               |           |      | na
SH21        | 2  | STANDBY| SH1       | SH11 | SH11      | oracle      |            |          |          |          |          |               |           |      | na
SH12        | 3  | PRIMARY| SH2       | SH12 | SH22      | oracle      | DIRECTOR   | oracle   | gdsadmin | oracle   | SH00PDB1 |               | sharddir2 | 1572 | eu
SH22        | 4  | STANDBY| SH2       | SH12 | SH12      | oracle      |            |          |          |          |          |               |           |      | eu
SH13        | 5  | PRIMARY| SH3       | SH13 | SH23      | oracle      |            | oracle   | gdsadmin | oracle   |          |               |           |      | asia
SH23        | 6  | STANDBY| SH3       | SH13 | SH13      | oracle      |            |          |          |          |          |               |           |      | asia
